=== Network Partition Debug Test ===
Started at: sob.  6 gru 2025 17:46:30 CET
Working dir: /Users/dominik/thesis-distributed-cache

=== Step 1: Cleanup ===
time="2025-12-06T17:46:30+01:00" level=warning msg="/Users/dominik/thesis-distributed-cache/docker-compose.yml: the attribute `version` is obsolete, it will be ignored, please remove it to avoid potential confusion"
 Container datanode-2  Stopping
 Container controller-2  Stopping
 Container controller-1  Stopping
 Container datanode-1  Stopping
 Container controller-1  Stopped
 Container controller-1  Removing
 Container controller-2  Stopped
 Container controller-2  Removing
 Container controller-1  Removed
 Container controller-2  Removed
 Container datanode-2  Stopped
 Container datanode-2  Removing
 Container datanode-2  Removed
 Container datanode-1  Stopped
 Container datanode-1  Removing
 Container datanode-1  Removed
 Container controller-0  Stopping
 Container controller-0  Stopped
 Container controller-0  Removing
 Container controller-0  Removed
 Network raft-cluster  Removing
 Network client-access  Removing
 Network raft-cluster  Removed
 Network client-access  Removed
Cleanup complete

=== Step 2: Starting cluster ===
time="2025-12-06T17:46:35+01:00" level=warning msg="/Users/dominik/thesis-distributed-cache/docker-compose.yml: the attribute `version` is obsolete, it will be ignored, please remove it to avoid potential confusion"
#1 [internal] load local bake definitions
#1 reading from stdin 1.61kB done
#1 DONE 0.0s

#2 [controller-0 internal] load build definition from Dockerfile
#2 transferring dockerfile: 473B done
#2 DONE 0.0s

#3 [controller-2 internal] load metadata for docker.io/library/alpine:latest
#3 DONE 1.0s

#4 [controller-0 internal] load metadata for docker.io/library/golang:1.24-alpine
#4 DONE 1.0s

#5 [controller-1 internal] load .dockerignore
#5 transferring context: 2B done
#5 DONE 0.0s

#6 [controller-0 builder 1/7] FROM docker.io/library/golang:1.24-alpine@sha256:06545cc1ff10ddf04aebe20db1352ec7c96d1e43135767931c473557d0378202
#6 DONE 0.0s

#7 [controller-1 stage-1 1/5] FROM docker.io/library/alpine:latest@sha256:51183f2cfa6320055da30872f211093f9ff1d3cf06f39a0bdb212314c5dc7375
#7 DONE 0.0s

#8 [controller-2 internal] load build context
#8 transferring context: 88.82kB 0.1s done
#8 transferring context: 88.82kB 0.1s done
#8 DONE 0.1s

#9 [controller-2 builder 3/7] WORKDIR /build
#9 CACHED

#10 [controller-2 builder 4/7] COPY go.mod go.sum ./
#10 CACHED

#11 [controller-2 builder 2/7] RUN apk add --no-cache git
#11 CACHED

#12 [controller-2 builder 5/7] RUN go mod download
#12 CACHED

#13 [controller-2 builder 6/7] COPY . .
#13 DONE 1.1s

#14 [controller-2 builder 7/7] RUN CGO_ENABLED=0 GOOS=linux go build -a -installsuffix cgo -o controller ./cmd/controller
#14 DONE 9.4s

#15 [controller-2 stage-1 2/5] RUN apk --no-cache add ca-certificates
#15 CACHED

#16 [controller-2 stage-1 3/5] WORKDIR /app
#16 CACHED

#17 [controller-2 stage-1 4/5] COPY --from=builder /build/controller .
#17 CACHED

#18 [controller-2 stage-1 5/5] RUN mkdir -p /data
#18 CACHED

#19 [controller-0] exporting to image
#19 exporting layers done
#19 writing image sha256:8cf6230768d0f2c04d6cde947a3155b2faccb241b1430012801c53a8ca4b3759 done
#19 naming to docker.io/library/thesis-distributed-cache-controller-0 done
#19 DONE 0.0s

#20 [controller-1] exporting to image
#20 exporting layers done
#20 writing image sha256:fbdf1155dcf50bb496a7c8ddba7cd3adc3340ae7eee90777c2c2c03076dacded done
#20 naming to docker.io/library/thesis-distributed-cache-controller-1 done
#20 DONE 0.0s

#21 [controller-2] exporting to image
#21 exporting layers done
#21 writing image sha256:8d2f0a51b9f4c851071606d965ce2085037eea3d13359ace894befcb28e8170b done
#21 naming to docker.io/library/thesis-distributed-cache-controller-2 done
#21 DONE 0.0s

#22 [controller-0] resolving provenance for metadata file
#22 DONE 0.1s

#23 [controller-1] resolving provenance for metadata file
#23 DONE 0.1s

#24 [controller-2] resolving provenance for metadata file
#24 DONE 0.1s
 thesis-distributed-cache-controller-2  Built
 thesis-distributed-cache-controller-0  Built
 thesis-distributed-cache-controller-1  Built
 Network raft-cluster  Creating
 Network raft-cluster  Created
 Container controller-2  Creating
 Container controller-1  Creating
 Container controller-0  Creating
 Container controller-2  Created
 Container controller-1  Created
 Container controller-0  Created
 Container controller-0  Starting
 Container controller-1  Starting
 Container controller-2  Starting
 Container controller-0  Started
 Container controller-2  Started
 Container controller-1  Started
Waiting 20 seconds for cluster to stabilize...

=== Step 3: Check election timer started ===
controller-1  | time=2025-12-06T16:46:48.493Z level=INFO msg="Node 1: Election timer loop started"
controller-0  | time=2025-12-06T16:46:48.493Z level=INFO msg="Node 0: Election timer loop started"
controller-2  | time=2025-12-06T16:46:48.492Z level=INFO msg="Node 2: Election timer loop started"

=== Step 4: Find current leader ===
controller-2  | time=2025-12-06T16:46:49.114Z level=INFO msg="Node 2 became leader with 2/2 peers available"

=== Step 5: Recent LogRequest activity ===
controller-0  | time=2025-12-06T16:47:18.267Z level=INFO msg="Node 0: LogRequest completed, ack=0"
controller-0  | time=2025-12-06T16:47:18.318Z level=INFO msg="Node 0 received LogRequest from leader=2 term=1 (myTerm=1 myRole=follower myLeader=2) suffix=0 entries"
controller-0  | time=2025-12-06T16:47:18.318Z level=INFO msg="Node 0: LogRequest SUCCESS - appending 0 entries (prevIndex=0 commitLen=0)"
controller-0  | time=2025-12-06T16:47:18.318Z level=INFO msg="Node 0: LogRequest completed, ack=0"
controller-0  | time=2025-12-06T16:47:18.365Z level=INFO msg="Node 0 received LogRequest from leader=2 term=1 (myTerm=1 myRole=follower myLeader=2) suffix=0 entries"
controller-0  | time=2025-12-06T16:47:18.365Z level=INFO msg="Node 0: LogRequest SUCCESS - appending 0 entries (prevIndex=0 commitLen=0)"
controller-0  | time=2025-12-06T16:47:18.365Z level=INFO msg="Node 0: LogRequest completed, ack=0"
controller-0  | time=2025-12-06T16:47:18.416Z level=INFO msg="Node 0 received LogRequest from leader=2 term=1 (myTerm=1 myRole=follower myLeader=2) suffix=0 entries"
controller-0  | time=2025-12-06T16:47:18.416Z level=INFO msg="Node 0: LogRequest SUCCESS - appending 0 entries (prevIndex=0 commitLen=0)"
controller-0  | time=2025-12-06T16:47:18.416Z level=INFO msg="Node 0: LogRequest completed, ack=0"

=== Step 6: Isolating leader: controller-2 ===
Leader isolated at: sob.  6 gru 2025 17:47:22 CET

=== Step 7: Waiting 30 seconds for new election ===

=== Step 8: Election timer activity after partition ===
--- controller-0 ---
controller-0  | time=2025-12-06T16:46:48.493Z level=INFO msg="Node 0: Election timer loop started"
controller-0  | time=2025-12-06T16:46:49.109Z level=INFO msg="Starting election for node 0, because isLeader is false and snapshot is writing is false"
--- controller-1 ---
controller-1  | time=2025-12-06T16:46:48.493Z level=INFO msg="Node 1: Election timer loop started"
controller-1  | time=2025-12-06T16:47:22.671Z level=INFO msg="Starting election for node 1, because isLeader is false and snapshot is writing is false"
--- controller-2 ---
controller-2  | time=2025-12-06T16:47:53.584Z level=INFO msg="Starting election for node 2, because isLeader is false and snapshot is writing is false"
controller-2  | time=2025-12-06T16:47:54.151Z level=INFO msg="Starting election for node 2, because isLeader is false and snapshot is writing is false"
controller-2  | time=2025-12-06T16:47:54.697Z level=INFO msg="Starting election for node 2, because isLeader is false and snapshot is writing is false"
controller-2  | time=2025-12-06T16:47:55.456Z level=INFO msg="Starting election for node 2, because isLeader is false and snapshot is writing is false"
controller-2  | time=2025-12-06T16:47:56.255Z level=INFO msg="Starting election for node 2, because isLeader is false and snapshot is writing is false"
controller-2  | time=2025-12-06T16:47:56.768Z level=INFO msg="Starting election for node 2, because isLeader is false and snapshot is writing is false"
controller-2  | time=2025-12-06T16:47:57.437Z level=INFO msg="Starting election for node 2, because isLeader is false and snapshot is writing is false"
controller-2  | time=2025-12-06T16:47:58.138Z level=INFO msg="Starting election for node 2, because isLeader is false and snapshot is writing is false"
controller-2  | time=2025-12-06T16:47:58.663Z level=INFO msg="Starting election for node 2, because isLeader is false and snapshot is writing is false"
controller-2  | time=2025-12-06T16:47:59.206Z level=INFO msg="Starting election for node 2, because isLeader is false and snapshot is writing is false"

=== Step 9: All 'became leader' messages ===
controller-2  | time=2025-12-06T16:46:49.114Z level=INFO msg="Node 2 became leader with 2/2 peers available"
controller-1  | time=2025-12-06T16:47:22.693Z level=INFO msg="Node 1 became leader with 2/2 peers available"

=== Step 10: Election count summary ===
Total 'became leader' events: 2

=== Step 11: Cleanup ===
time="2025-12-06T17:48:06+01:00" level=warning msg="/Users/dominik/thesis-distributed-cache/docker-compose.yml: the attribute `version` is obsolete, it will be ignored, please remove it to avoid potential confusion"
 Container controller-1  Stopping
 Container controller-2  Stopping
 Container controller-0  Stopping
 Container controller-2  Stopped
 Container controller-2  Removing
 Container controller-2  Removed
 Container controller-0  Stopped
 Container controller-0  Removing
 Container controller-0  Removed
 Container controller-1  Stopped
 Container controller-1  Removing
 Container controller-1  Removed
 Network raft-cluster  Removing
 Network raft-cluster  Removed

=== Debug complete at: sob.  6 gru 2025 17:48:09 CET ===
